
Memory Configuration

Name             Origin             Length             Attributes
state            0x0000000000000000 0x0000000000080000 axwl
*default*        0x0000000000000000 0xffffffffffffffff

Linker script and memory map

LOAD /tmp/ccA182aR.o
LOAD concpy-64.o
LOAD /research/sesa/210/buriscv/multilib/bin/../lib/gcc/riscv64-unknown-elf/5.2.0/soft-float/no-atomic/libgcc.a
LOAD /research/sesa/210/buriscv/multilib/bin/../lib/gcc/riscv64-unknown-elf/5.2.0/soft-float/no-atomic/libgcc.a
START GROUP
LOAD /research/sesa/210/buriscv/multilib/bin/../lib/gcc/riscv64-unknown-elf/5.2.0/../../../../riscv64-unknown-elf/lib/soft-float/no-atomic/libc.a
LOAD /research/sesa/210/buriscv/lib/libsys-64.a
LOAD /research/sesa/210/buriscv/multilib/bin/../lib/gcc/riscv64-unknown-elf/5.2.0/soft-float/no-atomic/libgcc.a
END GROUP

RAM             0x0000000000000000    0x80000
                0x0000000000000000                _ram_start = .
                0x0000000000000100                . = 0x100
 *fill*         0x0000000000000000      0x100 
                0x0000000000000100                _vector_start = .
                0x0000000000000100                . = (_vector_start + 0x0)
                0x0000000000000100                _vector_user = .
                0x0000000000000100        0x4 LONG 0x100073
                0x0000000000000140                . = (_vector_start + 0x40)
 *fill*         0x0000000000000104       0x3c 
                0x0000000000000140                _vector_supervisor = .
                0x0000000000000140        0x4 LONG 0x100073
                0x0000000000000180                . = (_vector_start + 0x80)
 *fill*         0x0000000000000144       0x3c 
                0x0000000000000180                _vector_hypervisor = .
                0x0000000000000180        0x4 LONG 0x100073
                0x00000000000001c0                . = (_vector_start + 0xc0)
 *fill*         0x0000000000000184       0x3c 
                0x00000000000001c0                _vector_machine = .
                0x00000000000001c0        0x4 LONG 0x100073
                0x00000000000001fc                . = (_vector_start + 0xfc)
 *fill*         0x00000000000001c4       0x38 
                0x00000000000001fc                _vector_nmi = .
                0x00000000000001fc        0x4 LONG 0x100073
                0x0000000000000200                . = (_vector_start + 0x100)
                0x0000000000000200                _vector_reset = .
 *(.reset)
 .reset         0x0000000000000200       0x34 /tmp/ccA182aR.o
                0x0000000000010000                . = 0x10000
 *fill*         0x0000000000000234     0xfdcc 
                0x0000000000010000                _ftext = .
                0x0000000000010000                PROVIDE (eprol, .)
 *(.text)
 .text          0x0000000000010000        0x0 /tmp/ccA182aR.o
 .text          0x0000000000010000       0x2c concpy-64.o
                0x0000000000010000                _start
 *(.text.*)
 *(.gnu.linkonce.t.*)
 *(.init)
 *(.fini)
 *(.rdata)
 *(.rodata)
 *(.rodata.*)
 *(.gnu.linkonce.r.*)
                0x000000000001002c                PROVIDE (etext, .)
                0x000000000001002c                _etext = .
                0x000000000001002c                PROVIDE (__preinit_array_start, .)
 *(.preinit_array)
                0x000000000001002c                PROVIDE (__preinit_array_end, .)
                0x000000000001002c                PROVIDE (__init_array_start, .)
 *(SORT(.init_array.*))
 *(.init_array)
                0x000000000001002c                PROVIDE (__init_array_end, .)
                0x000000000001002c                PROVIDE (__fini_array_start, .)
 *(SORT(.fini_array.*))
 *(.fini_array)
                0x000000000001002c                PROVIDE (__fini_array_end, .)
 *(.eh_frame_hdr)
 *(.eh_frame)
 *(.gcc_except_table)
 *(.jcr)
                0x0000000000010030                . = ALIGN (0x10)
 *fill*         0x000000000001002c        0x4 
                0x0000000000010030                _fdata = .
 *(.data)
 .data          0x0000000000010030        0x0 /tmp/ccA182aR.o
 .data          0x0000000000010030        0x0 concpy-64.o
 *(.data.*)
 *(.gnu.linkonce.d.*)
                0x0000000000010030                PROVIDE (edata, .)
                0x0000000000010030                _edata = .
                0x0000000000010030                . = ALIGN (0x10)
                0x0000000000010830                _gp = (. + 0x800)
 *(.sdata)
 *(.sdata.*)
 *(.srodata.*)
 *(.gnu.linkonce.s.*)
                0x0000000000010030                . = ALIGN (0x8)
                0x0000000000010030                _fbss = .
 *(.sbss)
 *(.sbss.*)
 *(.gnu.linkonce.sb.*)
                0x0000000000010030                . = .
                0x0000000000010030                _bss_start = .
 *(.bss)
 .bss           0x0000000000010030        0x0 /tmp/ccA182aR.o
 .bss           0x0000000000010030        0x0 concpy-64.o
 *(.bss.*)
 *(.gnu.linkonce.b.*)
 *(COMMON)
                0x0000000000010030                PROVIDE (end, .)
                0x0000000000010030                _end = ALIGN (0x8)
                0x0000000000080000                . = 0x80000
 *fill*         0x0000000000010030    0x6ffd0 
                0x0000000000080000                _stack_start = .
                0x0000000000080000                _ram_end = .
OUTPUT(concpy512K-64.elf elf64-littleriscv)

.rela.dyn       0x0000000000080000        0x0
 .rela.text     0x0000000000080000        0x0 /tmp/ccA182aR.o
